java.nio.file.InvalidPathException: Illegal char <?> at index 38: C:\Users\Om Panchal\OneDrive\Pictures\??????\GitHub\75_DSA_Problems_solved
  java.base/sun.nio.fs.WindowsPathParser.normalize(WindowsPathParser.java:204)
  java.base/sun.nio.fs.WindowsPathParser.parse(WindowsPathParser.java:175)
  java.base/sun.nio.fs.WindowsPathParser.parse(WindowsPathParser.java:77)
  java.base/sun.nio.fs.WindowsPath.parse(WindowsPath.java:92)
  java.base/sun.nio.fs.WindowsFileSystem.getPath(WindowsFileSystem.java:203)
  java.base/java.nio.file.Path.of(Path.java:148)
  java.base/java.nio.file.Paths.get(Paths.java:69)
  os.Path$defaultPathSerializer$.deserialize(Path.scala:455)
  os.PathConvertible$StringConvertible$.apply(Path.scala:638)
  os.PathConvertible$StringConvertible$.apply(Path.scala:638)
  os.FilePath$.f$2(Path.scala:297)
  os.FilePath$.apply(Path.scala:299)
  os.Path$.apply(Path.scala:485)
  scala.build.input.Inputs$.path$lzyINIT1$1(Inputs.scala:236)
  scala.build.input.Inputs$.path$1(Inputs.scala:236)
  scala.build.input.Inputs$.validateArgs$$anonfun$1(Inputs.scala:277)
  scala.collection.immutable.List.map(List.scala:236)
  scala.collection.immutable.List.map(List.scala:79)
  scala.build.input.Inputs$.validateArgs(Inputs.scala:234)
  scala.build.input.Inputs$.forNonEmptyArgs(Inputs.scala:345)
  scala.build.input.Inputs$.apply(Inputs.scala:464)
  scala.cli.commands.shared.SharedOptions$.inputs(SharedOptions.scala:712)
  scala.cli.commands.shared.SharedOptions.inputs(SharedOptions.scala:636)
  scala.cli.commands.bsp.Bsp$.$anonfun$7$$anonfun$1(Bsp.scala:91)
  scala.build.EitherCps$Helper.apply(EitherCps.scala:19)
  scala.cli.commands.bsp.Bsp$.$anonfun$7(Bsp.scala:87)
  scala.cli.commands.bsp.Bsp$.runCommand(Bsp.scala:131)
  scala.cli.commands.bsp.Bsp$.runCommand(Bsp.scala:75)
  scala.cli.commands.ScalaCommand.run(ScalaCommand.scala:401)
  scala.cli.commands.ScalaCommand.run(ScalaCommand.scala:382)
  caseapp.core.app.CaseApp.main(CaseApp.scala:166)
  scala.cli.commands.ScalaCommand.main(ScalaCommand.scala:367)
  caseapp.core.app.CommandsEntryPoint.main(CommandsEntryPoint.scala:370)
  scala.cli.ScalaCliCommands.main(ScalaCliCommands.scala:125)
  scala.cli.ScalaCli$.main0$$anonfun$1(ScalaCli.scala:338)
  scala.runtime.function.JProcedure1.apply(JProcedure1.java:15)
  scala.runtime.function.JProcedure1.apply(JProcedure1.java:10)
  scala.build.EitherCps$Helper.apply(EitherCps.scala:19)
  scala.cli.ScalaCli$.main0(ScalaCli.scala:239)
  scala.cli.ScalaCli$.main(ScalaCli.scala:123)
  scala.cli.ScalaCli.main(ScalaCli.scala)
